// Jest Snapshot v1, https://goo.gl/fbAQLP

exports[`UserForm should render component 1`] = `
ShallowWrapper {
  "length": 1,
  Symbol(enzyme.__root__): [Circular],
  Symbol(enzyme.__unrendered__): <UserForm />,
  Symbol(enzyme.__renderer__): Object {
    "batchedUpdates": [Function],
    "getNode": [Function],
    "render": [Function],
    "simulateEvent": [Function],
    "unmount": [Function],
  },
  Symbol(enzyme.__node__): Object {
    "instance": null,
    "key": null,
    "nodeType": "host",
    "props": Object {
      "children": <div>
        <input
          onChange={[Function]}
          placeholder="email"
          type="text"
          value={undefined}
        />
        <input
          onChange={[Function]}
          placeholder="password"
          type="text"
          value={undefined}
        />
        <button
          onClick={[Function]}
          type="submit"
        >
          Log In
        </button>
        <h2
          onClick={[Function]}
        >
          Sign Up
        </h2>
      </div>,
    },
    "ref": null,
    "rendered": Object {
      "instance": null,
      "key": null,
      "nodeType": "host",
      "props": Object {
        "children": Array [
          undefined,
          <input
            onChange={[Function]}
            placeholder="email"
            type="text"
            value={undefined}
          />,
          <input
            onChange={[Function]}
            placeholder="password"
            type="text"
            value={undefined}
          />,
          <button
            onClick={[Function]}
            type="submit"
          >
            Log In
          </button>,
          <h2
            onClick={[Function]}
          >
            Sign Up
          </h2>,
        ],
      },
      "ref": null,
      "rendered": Array [
        undefined,
        Object {
          "instance": null,
          "key": null,
          "nodeType": "host",
          "props": Object {
            "onChange": [Function],
            "placeholder": "email",
            "type": "text",
            "value": undefined,
          },
          "ref": null,
          "rendered": null,
          "type": "input",
        },
        Object {
          "instance": null,
          "key": null,
          "nodeType": "host",
          "props": Object {
            "onChange": [Function],
            "placeholder": "password",
            "type": "text",
            "value": undefined,
          },
          "ref": null,
          "rendered": null,
          "type": "input",
        },
        Object {
          "instance": null,
          "key": null,
          "nodeType": "host",
          "props": Object {
            "children": "Log In",
            "onClick": [Function],
            "type": "submit",
          },
          "ref": null,
          "rendered": "Log In",
          "type": "button",
        },
        Object {
          "instance": null,
          "key": null,
          "nodeType": "host",
          "props": Object {
            "children": "Sign Up",
            "onClick": [Function],
          },
          "ref": null,
          "rendered": "Sign Up",
          "type": "h2",
        },
      ],
      "type": "div",
    },
    "type": "form",
  },
  Symbol(enzyme.__nodes__): Array [
    Object {
      "instance": null,
      "key": null,
      "nodeType": "host",
      "props": Object {
        "children": <div>
          <input
            onChange={[Function]}
            placeholder="email"
            type="text"
            value={undefined}
          />
          <input
            onChange={[Function]}
            placeholder="password"
            type="text"
            value={undefined}
          />
          <button
            onClick={[Function]}
            type="submit"
          >
            Log In
          </button>
          <h2
            onClick={[Function]}
          >
            Sign Up
          </h2>
        </div>,
      },
      "ref": null,
      "rendered": Object {
        "instance": null,
        "key": null,
        "nodeType": "host",
        "props": Object {
          "children": Array [
            undefined,
            <input
              onChange={[Function]}
              placeholder="email"
              type="text"
              value={undefined}
            />,
            <input
              onChange={[Function]}
              placeholder="password"
              type="text"
              value={undefined}
            />,
            <button
              onClick={[Function]}
              type="submit"
            >
              Log In
            </button>,
            <h2
              onClick={[Function]}
            >
              Sign Up
            </h2>,
          ],
        },
        "ref": null,
        "rendered": Array [
          undefined,
          Object {
            "instance": null,
            "key": null,
            "nodeType": "host",
            "props": Object {
              "onChange": [Function],
              "placeholder": "email",
              "type": "text",
              "value": undefined,
            },
            "ref": null,
            "rendered": null,
            "type": "input",
          },
          Object {
            "instance": null,
            "key": null,
            "nodeType": "host",
            "props": Object {
              "onChange": [Function],
              "placeholder": "password",
              "type": "text",
              "value": undefined,
            },
            "ref": null,
            "rendered": null,
            "type": "input",
          },
          Object {
            "instance": null,
            "key": null,
            "nodeType": "host",
            "props": Object {
              "children": "Log In",
              "onClick": [Function],
              "type": "submit",
            },
            "ref": null,
            "rendered": "Log In",
            "type": "button",
          },
          Object {
            "instance": null,
            "key": null,
            "nodeType": "host",
            "props": Object {
              "children": "Sign Up",
              "onClick": [Function],
            },
            "ref": null,
            "rendered": "Sign Up",
            "type": "h2",
          },
        ],
        "type": "div",
      },
      "type": "form",
    },
  ],
  Symbol(enzyme.__options__): Object {
    "adapter": ReactSixteenAdapter {
      "options": Object {
        "enableComponentDidUpdateOnSetState": true,
      },
    },
  },
}
`;
